Test log creation